---
http_interactions:
- request:
    method: get
    uri: unix:///var/run/docker.sock/v1.16/images/pangea-testing/ubuntu:wily/json
    body:
      encoding: US-ASCII
      string: ''
    headers:
      User-Agent:
      - Swipely/Docker-API 1.24.0
      Content-Type:
      - text/plain
  response:
    status:
      code: 200
      message: 
    headers:
      Content-Type:
      - application/json
      Date:
      - Wed, 09 Dec 2015 09:31:36 GMT
      Content-Length:
      - '1335'
    body:
      encoding: UTF-8
      string: |
        {"Id":"3e0c71ada2db20f16c23d5b2cb0f9ebddb7dc6df902d9d8c3dbea15cb6a308e5","Parent":"7644a86243c4aff4969fa341b296bb95c5c3353c1f0669ec01451ae5624eb97a","Comment":"","Created":"2015-12-08T18:40:19.026195834Z","Container":"149a82ddffaf82a870421322aeaf588dd7b7ffc9c4cde23a2c6fc7c126292b29","ContainerConfig":{"Hostname":"ca5fd9ca11dc","Domainname":"","User":"","AttachStdin":false,"AttachStdout":false,"AttachStderr":false,"PortSpecs":null,"ExposedPorts":null,"Tty":false,"OpenStdin":false,"StdinOnce":false,"Env":null,"Cmd":["/bin/sh","-c","#(nop) CMD [\"/bin/bash\"]"],"Image":"7644a86243c4aff4969fa341b296bb95c5c3353c1f0669ec01451ae5624eb97a","Volumes":null,"VolumeDriver":"","WorkingDir":"","Entrypoint":null,"NetworkDisabled":false,"MacAddress":"","OnBuild":null,"Labels":null},"DockerVersion":"1.8.3","Author":"","Config":{"Hostname":"ca5fd9ca11dc","Domainname":"","User":"","AttachStdin":false,"AttachStdout":false,"AttachStderr":false,"PortSpecs":null,"ExposedPorts":null,"Tty":false,"OpenStdin":false,"StdinOnce":false,"Env":null,"Cmd":["/bin/bash"],"Image":"7644a86243c4aff4969fa341b296bb95c5c3353c1f0669ec01451ae5624eb97a","Volumes":null,"VolumeDriver":"","WorkingDir":"","Entrypoint":null,"NetworkDisabled":false,"MacAddress":"","OnBuild":null,"Labels":null},"Architecture":"amd64","Os":"linux","Size":0,"VirtualSize":133541290}
    http_version: 
  recorded_at: Wed, 09 Dec 2015 09:31:36 GMT
- request:
    method: post
    uri: unix:///var/run/docker.sock/v1.16/containers/create
    body:
      encoding: UTF-8
      string: '{"WorkingDir":"<%= Dir.pwd %>","Env":["PATH=/usr/local/bin:/usr/local/sbin:/usr/bin:/usr/sbin:/bin:/sbin","LANG=en_US.UTF-8","DEBIAN_FRONTEND=noninteractive  "],"Image":"pangea-testing/ubuntu:wily","Cmd":["sh","/tooling-pending/deploy_in_container.sh"],"Volumes":{"<%=
        Dir.pwd %>":{}}}'
    headers:
      User-Agent:
      - Swipely/Docker-API 1.24.0
      Content-Type:
      - application/json
  response:
    status:
      code: 201
      message: 
    headers:
      Content-Type:
      - application/json
      Date:
      - Wed, 09 Dec 2015 09:31:36 GMT
      Content-Length:
      - '90'
    body:
      encoding: UTF-8
      string: |
        {"Id":"09f2e8fa9a531239b9cc472d9d2e45be439733f231d21a0d5376bd660247f8e9","Warnings":null}
    http_version: 
  recorded_at: Wed, 09 Dec 2015 09:31:36 GMT
- request:
    method: post
    uri: unix:///var/run/docker.sock/v1.16/containers/09f2e8fa9a531239b9cc472d9d2e45be439733f231d21a0d5376bd660247f8e9/start
    body:
      encoding: UTF-8
      string: '{"Binds":["<%= Dir.pwd %>/tooling-pending:/tooling-pending"],"Ulimits":[{"Name":"nofile","Soft":1024,"Hard":1024}]}'
    headers:
      User-Agent:
      - Swipely/Docker-API 1.24.0
      Content-Type:
      - application/json
  response:
    status:
      code: 204
      message: 
    headers:
      Date:
      - Wed, 09 Dec 2015 09:31:36 GMT
    body:
      encoding: UTF-8
      string: ''
    http_version: 
  recorded_at: Wed, 09 Dec 2015 09:31:36 GMT
- request:
    method: post
    uri: unix:///var/run/docker.sock/v1.16/containers/09f2e8fa9a531239b9cc472d9d2e45be439733f231d21a0d5376bd660247f8e9/wait
    body:
      encoding: US-ASCII
      string: ''
    headers:
      User-Agent:
      - Swipely/Docker-API 1.24.0
      Content-Type:
      - text/plain
  response:
    status:
      code: 200
      message: 
    headers:
      Content-Type:
      - application/json
      Date:
      - Wed, 09 Dec 2015 09:31:36 GMT
      Content-Length:
      - '17'
    body:
      encoding: UTF-8
      string: |
        {"StatusCode":0}
    http_version: 
  recorded_at: Wed, 09 Dec 2015 09:31:36 GMT
- request:
    method: post
    uri: unix:///var/run/docker.sock/v1.16/containers/09f2e8fa9a531239b9cc472d9d2e45be439733f231d21a0d5376bd660247f8e9/stop
    body:
      encoding: UTF-8
      string: "{}"
    headers:
      User-Agent:
      - Swipely/Docker-API 1.24.0
      Content-Type:
      - application/json
  response:
    status:
      code: 304
      message: 
    headers:
      Date:
      - Wed, 09 Dec 2015 09:31:36 GMT
    body:
      encoding: UTF-8
      string: ''
    http_version: 
  recorded_at: Wed, 09 Dec 2015 09:31:36 GMT
- request:
    method: get
    uri: unix:///var/run/docker.sock/v1.16/containers/09f2e8fa9a531239b9cc472d9d2e45be439733f231d21a0d5376bd660247f8e9/export
    body:
      encoding: US-ASCII
      string: ''
    headers:
      User-Agent:
      - Swipely/Docker-API 1.24.0
      Content-Type:
      - text/plain
  response:
    status:
      code: 200
      message: 
    headers:
      Date:
      - Wed, 09 Dec 2015 09:31:36 GMT
      Content-Type:
      - application/octet-stream
    body:
      encoding: US-ASCII
      string: ''
    http_version: 
  recorded_at: Wed, 09 Dec 2015 09:31:38 GMT
- request:
    method: post
    uri: unix:///var/run/docker.sock/v1.16/images/create?fromSrc=-
    body:
      encoding: US-ASCII
      string: ''
    headers:
      User-Agent:
      - Swipely/Docker-API 1.24.0
      Content-Type:
      - application/tar
      Transfer-Encoding:
      - chunked
  response:
    status:
      code: 200
      message: 
    headers:
      Content-Type:
      - application/json
      Date:
      - Wed, 09 Dec 2015 09:31:38 GMT
    body:
      encoding: UTF-8
      string: "{\"status\":\"3c5f13b5ea246dc3a405bf905b17ccc4a12e59d296560f3b2b160ae4d27bb1e1\"}\r\n"
    http_version: 
  recorded_at: Wed, 09 Dec 2015 09:31:38 GMT
- request:
    method: delete
    uri: unix:///var/run/docker.sock/v1.16/containers/09f2e8fa9a531239b9cc472d9d2e45be439733f231d21a0d5376bd660247f8e9
    body:
      encoding: US-ASCII
      string: ''
    headers:
      User-Agent:
      - Swipely/Docker-API 1.24.0
      Content-Type:
      - text/plain
  response:
    status:
      code: 204
      message: 
    headers:
      Date:
      - Wed, 09 Dec 2015 09:31:38 GMT
    body:
      encoding: UTF-8
      string: ''
    http_version: 
  recorded_at: Wed, 09 Dec 2015 09:31:38 GMT
- request:
    method: get
    uri: unix:///var/run/docker.sock/v1.16/images/pangea-testing/ubuntu:wily/json
    body:
      encoding: US-ASCII
      string: ''
    headers:
      User-Agent:
      - Swipely/Docker-API 1.24.0
      Content-Type:
      - text/plain
  response:
    status:
      code: 200
      message: 
    headers:
      Content-Type:
      - application/json
      Date:
      - Wed, 09 Dec 2015 09:31:38 GMT
      Content-Length:
      - '1335'
    body:
      encoding: UTF-8
      string: |
        {"Id":"3e0c71ada2db20f16c23d5b2cb0f9ebddb7dc6df902d9d8c3dbea15cb6a308e5","Parent":"7644a86243c4aff4969fa341b296bb95c5c3353c1f0669ec01451ae5624eb97a","Comment":"","Created":"2015-12-08T18:40:19.026195834Z","Container":"149a82ddffaf82a870421322aeaf588dd7b7ffc9c4cde23a2c6fc7c126292b29","ContainerConfig":{"Hostname":"ca5fd9ca11dc","Domainname":"","User":"","AttachStdin":false,"AttachStdout":false,"AttachStderr":false,"PortSpecs":null,"ExposedPorts":null,"Tty":false,"OpenStdin":false,"StdinOnce":false,"Env":null,"Cmd":["/bin/sh","-c","#(nop) CMD [\"/bin/bash\"]"],"Image":"7644a86243c4aff4969fa341b296bb95c5c3353c1f0669ec01451ae5624eb97a","Volumes":null,"VolumeDriver":"","WorkingDir":"","Entrypoint":null,"NetworkDisabled":false,"MacAddress":"","OnBuild":null,"Labels":null},"DockerVersion":"1.8.3","Author":"","Config":{"Hostname":"ca5fd9ca11dc","Domainname":"","User":"","AttachStdin":false,"AttachStdout":false,"AttachStderr":false,"PortSpecs":null,"ExposedPorts":null,"Tty":false,"OpenStdin":false,"StdinOnce":false,"Env":null,"Cmd":["/bin/bash"],"Image":"7644a86243c4aff4969fa341b296bb95c5c3353c1f0669ec01451ae5624eb97a","Volumes":null,"VolumeDriver":"","WorkingDir":"","Entrypoint":null,"NetworkDisabled":false,"MacAddress":"","OnBuild":null,"Labels":null},"Architecture":"amd64","Os":"linux","Size":0,"VirtualSize":133541290}
    http_version: 
  recorded_at: Wed, 09 Dec 2015 09:31:38 GMT
- request:
    method: delete
    uri: unix:///var/run/docker.sock/v1.16/images/3e0c71ada2db20f16c23d5b2cb0f9ebddb7dc6df902d9d8c3dbea15cb6a308e5
    body:
      encoding: US-ASCII
      string: ''
    headers:
      User-Agent:
      - Swipely/Docker-API 1.24.0
      Content-Type:
      - text/plain
  response:
    status:
      code: 409
      message: 
    headers:
      Content-Type:
      - text/plain; charset=utf-8
      Date:
      - Wed, 09 Dec 2015 09:31:38 GMT
      Content-Length:
      - '158'
    body:
      encoding: UTF-8
      string: |
        Conflict, cannot delete image 3e0c71ada2db20f16c23d5b2cb0f9ebddb7dc6df902d9d8c3dbea15cb6a308e5 because it is tagged in multiple repositories, use -f to force
    http_version: 
  recorded_at: Wed, 09 Dec 2015 09:31:38 GMT
- request:
    method: post
    uri: unix:///var/run/docker.sock/v1.16/images/3c5f13b5ea246dc3a405bf905b17ccc4a12e59d296560f3b2b160ae4d27bb1e1/tag?force=true&repo=pangea-testing%2Fubuntu&tag=wily
    body:
      encoding: US-ASCII
      string: ''
    headers:
      User-Agent:
      - Swipely/Docker-API 1.24.0
      Content-Type:
      - text/plain
  response:
    status:
      code: 201
      message: 
    headers:
      Date:
      - Wed, 09 Dec 2015 09:31:38 GMT
      Content-Length:
      - '0'
      Content-Type:
      - text/plain; charset=utf-8
    body:
      encoding: UTF-8
      string: ''
    http_version: 
  recorded_at: Wed, 09 Dec 2015 09:31:38 GMT
- request:
    method: get
    uri: unix:///var/run/docker.sock/v1.16/images/pangea-testing/ubuntu:vivid/json
    body:
      encoding: US-ASCII
      string: ''
    headers:
      User-Agent:
      - Swipely/Docker-API 1.24.0
      Content-Type:
      - text/plain
  response:
    status:
      code: 200
      message: 
    headers:
      Content-Type:
      - application/json
      Date:
      - Wed, 09 Dec 2015 09:31:38 GMT
      Content-Length:
      - '1335'
    body:
      encoding: UTF-8
      string: |
        {"Id":"3f0d2d4f532cda8654dde4b1cac05e9c5e6ae2259ca53746954b5956c68397c3","Parent":"7b6613b343fbb6355a1d8a28325e2744ec4f2e3f8330585504158772a3fa309c","Comment":"","Created":"2015-12-08T18:39:39.522402078Z","Container":"d7404a01947650aa35b34639e614a6f860d7fdd4f3d9019e7a27933b57ad812a","ContainerConfig":{"Hostname":"7fec8b4f78d9","Domainname":"","User":"","AttachStdin":false,"AttachStdout":false,"AttachStderr":false,"PortSpecs":null,"ExposedPorts":null,"Tty":false,"OpenStdin":false,"StdinOnce":false,"Env":null,"Cmd":["/bin/sh","-c","#(nop) CMD [\"/bin/bash\"]"],"Image":"7b6613b343fbb6355a1d8a28325e2744ec4f2e3f8330585504158772a3fa309c","Volumes":null,"VolumeDriver":"","WorkingDir":"","Entrypoint":null,"NetworkDisabled":false,"MacAddress":"","OnBuild":null,"Labels":null},"DockerVersion":"1.8.3","Author":"","Config":{"Hostname":"7fec8b4f78d9","Domainname":"","User":"","AttachStdin":false,"AttachStdout":false,"AttachStderr":false,"PortSpecs":null,"ExposedPorts":null,"Tty":false,"OpenStdin":false,"StdinOnce":false,"Env":null,"Cmd":["/bin/bash"],"Image":"7b6613b343fbb6355a1d8a28325e2744ec4f2e3f8330585504158772a3fa309c","Volumes":null,"VolumeDriver":"","WorkingDir":"","Entrypoint":null,"NetworkDisabled":false,"MacAddress":"","OnBuild":null,"Labels":null},"Architecture":"amd64","Os":"linux","Size":0,"VirtualSize":131302307}
    http_version: 
  recorded_at: Wed, 09 Dec 2015 09:31:38 GMT
- request:
    method: post
    uri: unix:///var/run/docker.sock/v1.16/containers/create
    body:
      encoding: UTF-8
      string: '{"WorkingDir":"<%= Dir.pwd %>","Env":["PATH=/usr/local/bin:/usr/local/sbin:/usr/bin:/usr/sbin:/bin:/sbin","LANG=en_US.UTF-8","DEBIAN_FRONTEND=noninteractive  "],"Image":"pangea-testing/ubuntu:vivid","Cmd":["sh","/tooling-pending/deploy_in_container.sh"],"Volumes":{"<%=
        Dir.pwd %>":{}}}'
    headers:
      User-Agent:
      - Swipely/Docker-API 1.24.0
      Content-Type:
      - application/json
  response:
    status:
      code: 201
      message: 
    headers:
      Content-Type:
      - application/json
      Date:
      - Wed, 09 Dec 2015 09:31:38 GMT
      Content-Length:
      - '90'
    body:
      encoding: UTF-8
      string: |
        {"Id":"246ba75fc912fd757aae2fdf2c252ca845bdbcc96f00376f4f24652284eacdb8","Warnings":null}
    http_version: 
  recorded_at: Wed, 09 Dec 2015 09:31:38 GMT
- request:
    method: post
    uri: unix:///var/run/docker.sock/v1.16/containers/246ba75fc912fd757aae2fdf2c252ca845bdbcc96f00376f4f24652284eacdb8/start
    body:
      encoding: UTF-8
      string: '{"Binds":["<%= Dir.pwd %>/tooling-pending:/tooling-pending"],"Ulimits":[{"Name":"nofile","Soft":1024,"Hard":1024}]}'
    headers:
      User-Agent:
      - Swipely/Docker-API 1.24.0
      Content-Type:
      - application/json
  response:
    status:
      code: 204
      message: 
    headers:
      Date:
      - Wed, 09 Dec 2015 09:31:38 GMT
    body:
      encoding: UTF-8
      string: ''
    http_version: 
  recorded_at: Wed, 09 Dec 2015 09:31:38 GMT
- request:
    method: post
    uri: unix:///var/run/docker.sock/v1.16/containers/246ba75fc912fd757aae2fdf2c252ca845bdbcc96f00376f4f24652284eacdb8/wait
    body:
      encoding: US-ASCII
      string: ''
    headers:
      User-Agent:
      - Swipely/Docker-API 1.24.0
      Content-Type:
      - text/plain
  response:
    status:
      code: 200
      message: 
    headers:
      Content-Type:
      - application/json
      Date:
      - Wed, 09 Dec 2015 09:31:39 GMT
      Content-Length:
      - '17'
    body:
      encoding: UTF-8
      string: |
        {"StatusCode":0}
    http_version: 
  recorded_at: Wed, 09 Dec 2015 09:31:39 GMT
- request:
    method: post
    uri: unix:///var/run/docker.sock/v1.16/containers/246ba75fc912fd757aae2fdf2c252ca845bdbcc96f00376f4f24652284eacdb8/stop
    body:
      encoding: UTF-8
      string: "{}"
    headers:
      User-Agent:
      - Swipely/Docker-API 1.24.0
      Content-Type:
      - application/json
  response:
    status:
      code: 304
      message: 
    headers:
      Date:
      - Wed, 09 Dec 2015 09:31:39 GMT
    body:
      encoding: UTF-8
      string: ''
    http_version: 
  recorded_at: Wed, 09 Dec 2015 09:31:39 GMT
- request:
    method: get
    uri: unix:///var/run/docker.sock/v1.16/containers/246ba75fc912fd757aae2fdf2c252ca845bdbcc96f00376f4f24652284eacdb8/export
    body:
      encoding: US-ASCII
      string: ''
    headers:
      User-Agent:
      - Swipely/Docker-API 1.24.0
      Content-Type:
      - text/plain
  response:
    status:
      code: 200
      message: 
    headers:
      Date:
      - Wed, 09 Dec 2015 09:31:39 GMT
      Content-Type:
      - application/octet-stream
    body:
      encoding: US-ASCII
      string: ''
    http_version: 
  recorded_at: Wed, 09 Dec 2015 09:31:40 GMT
- request:
    method: post
    uri: unix:///var/run/docker.sock/v1.16/images/create?fromSrc=-
    body:
      encoding: US-ASCII
      string: ''
    headers:
      User-Agent:
      - Swipely/Docker-API 1.24.0
      Content-Type:
      - application/tar
      Transfer-Encoding:
      - chunked
  response:
    status:
      code: 200
      message: 
    headers:
      Content-Type:
      - application/json
      Date:
      - Wed, 09 Dec 2015 09:31:40 GMT
    body:
      encoding: UTF-8
      string: "{\"status\":\"a296957655c799c24bbcfc592c8c04e55fe88f1ce015ed29a2c533313ea8fc28\"}\r\n"
    http_version: 
  recorded_at: Wed, 09 Dec 2015 09:31:40 GMT
- request:
    method: delete
    uri: unix:///var/run/docker.sock/v1.16/containers/246ba75fc912fd757aae2fdf2c252ca845bdbcc96f00376f4f24652284eacdb8
    body:
      encoding: US-ASCII
      string: ''
    headers:
      User-Agent:
      - Swipely/Docker-API 1.24.0
      Content-Type:
      - text/plain
  response:
    status:
      code: 204
      message: 
    headers:
      Date:
      - Wed, 09 Dec 2015 09:31:40 GMT
    body:
      encoding: UTF-8
      string: ''
    http_version: 
  recorded_at: Wed, 09 Dec 2015 09:31:40 GMT
- request:
    method: get
    uri: unix:///var/run/docker.sock/v1.16/images/pangea-testing/ubuntu:vivid/json
    body:
      encoding: US-ASCII
      string: ''
    headers:
      User-Agent:
      - Swipely/Docker-API 1.24.0
      Content-Type:
      - text/plain
  response:
    status:
      code: 200
      message: 
    headers:
      Content-Type:
      - application/json
      Date:
      - Wed, 09 Dec 2015 09:31:40 GMT
      Content-Length:
      - '1335'
    body:
      encoding: UTF-8
      string: |
        {"Id":"3f0d2d4f532cda8654dde4b1cac05e9c5e6ae2259ca53746954b5956c68397c3","Parent":"7b6613b343fbb6355a1d8a28325e2744ec4f2e3f8330585504158772a3fa309c","Comment":"","Created":"2015-12-08T18:39:39.522402078Z","Container":"d7404a01947650aa35b34639e614a6f860d7fdd4f3d9019e7a27933b57ad812a","ContainerConfig":{"Hostname":"7fec8b4f78d9","Domainname":"","User":"","AttachStdin":false,"AttachStdout":false,"AttachStderr":false,"PortSpecs":null,"ExposedPorts":null,"Tty":false,"OpenStdin":false,"StdinOnce":false,"Env":null,"Cmd":["/bin/sh","-c","#(nop) CMD [\"/bin/bash\"]"],"Image":"7b6613b343fbb6355a1d8a28325e2744ec4f2e3f8330585504158772a3fa309c","Volumes":null,"VolumeDriver":"","WorkingDir":"","Entrypoint":null,"NetworkDisabled":false,"MacAddress":"","OnBuild":null,"Labels":null},"DockerVersion":"1.8.3","Author":"","Config":{"Hostname":"7fec8b4f78d9","Domainname":"","User":"","AttachStdin":false,"AttachStdout":false,"AttachStderr":false,"PortSpecs":null,"ExposedPorts":null,"Tty":false,"OpenStdin":false,"StdinOnce":false,"Env":null,"Cmd":["/bin/bash"],"Image":"7b6613b343fbb6355a1d8a28325e2744ec4f2e3f8330585504158772a3fa309c","Volumes":null,"VolumeDriver":"","WorkingDir":"","Entrypoint":null,"NetworkDisabled":false,"MacAddress":"","OnBuild":null,"Labels":null},"Architecture":"amd64","Os":"linux","Size":0,"VirtualSize":131302307}
    http_version: 
  recorded_at: Wed, 09 Dec 2015 09:31:40 GMT
- request:
    method: delete
    uri: unix:///var/run/docker.sock/v1.16/images/3f0d2d4f532cda8654dde4b1cac05e9c5e6ae2259ca53746954b5956c68397c3
    body:
      encoding: US-ASCII
      string: ''
    headers:
      User-Agent:
      - Swipely/Docker-API 1.24.0
      Content-Type:
      - text/plain
  response:
    status:
      code: 409
      message: 
    headers:
      Content-Type:
      - text/plain; charset=utf-8
      Date:
      - Wed, 09 Dec 2015 09:31:40 GMT
      Content-Length:
      - '158'
    body:
      encoding: UTF-8
      string: |
        Conflict, cannot delete image 3f0d2d4f532cda8654dde4b1cac05e9c5e6ae2259ca53746954b5956c68397c3 because it is tagged in multiple repositories, use -f to force
    http_version: 
  recorded_at: Wed, 09 Dec 2015 09:31:40 GMT
- request:
    method: post
    uri: unix:///var/run/docker.sock/v1.16/images/a296957655c799c24bbcfc592c8c04e55fe88f1ce015ed29a2c533313ea8fc28/tag?force=true&repo=pangea-testing%2Fubuntu&tag=vivid
    body:
      encoding: US-ASCII
      string: ''
    headers:
      User-Agent:
      - Swipely/Docker-API 1.24.0
      Content-Type:
      - text/plain
  response:
    status:
      code: 201
      message: 
    headers:
      Date:
      - Wed, 09 Dec 2015 09:31:40 GMT
      Content-Length:
      - '0'
      Content-Type:
      - text/plain; charset=utf-8
    body:
      encoding: UTF-8
      string: ''
    http_version: 
  recorded_at: Wed, 09 Dec 2015 09:31:40 GMT
- request:
    method: get
    uri: unix:///var/run/docker.sock/v1.16/images/pangea-testing/debian:stable/json
    body:
      encoding: US-ASCII
      string: ''
    headers:
      User-Agent:
      - Swipely/Docker-API 1.24.0
      Content-Type:
      - text/plain
  response:
    status:
      code: 200
      message: 
    headers:
      Content-Type:
      - application/json
      Date:
      - Wed, 09 Dec 2015 09:31:41 GMT
      Content-Length:
      - '1335'
    body:
      encoding: UTF-8
      string: |
        {"Id":"d6b20e4e9ed2fc047c0b6d6a24089082417e4973a69cc3dc92c2a68b2c81047a","Parent":"7c282da526d4bc71772120ca169804e503ae72f39fce944232729635a0f90a20","Comment":"","Created":"2015-12-04T19:31:00.630925797Z","Container":"413ad98817e155db04dec6473449ae251cd6033c958c4de7c5370a642f297223","ContainerConfig":{"Hostname":"50da1971bb3c","Domainname":"","User":"","AttachStdin":false,"AttachStdout":false,"AttachStderr":false,"PortSpecs":null,"ExposedPorts":null,"Tty":false,"OpenStdin":false,"StdinOnce":false,"Env":null,"Cmd":["/bin/sh","-c","#(nop) CMD [\"/bin/bash\"]"],"Image":"7c282da526d4bc71772120ca169804e503ae72f39fce944232729635a0f90a20","Volumes":null,"VolumeDriver":"","WorkingDir":"","Entrypoint":null,"NetworkDisabled":false,"MacAddress":"","OnBuild":null,"Labels":null},"DockerVersion":"1.8.3","Author":"","Config":{"Hostname":"50da1971bb3c","Domainname":"","User":"","AttachStdin":false,"AttachStdout":false,"AttachStderr":false,"PortSpecs":null,"ExposedPorts":null,"Tty":false,"OpenStdin":false,"StdinOnce":false,"Env":null,"Cmd":["/bin/bash"],"Image":"7c282da526d4bc71772120ca169804e503ae72f39fce944232729635a0f90a20","Volumes":null,"VolumeDriver":"","WorkingDir":"","Entrypoint":null,"NetworkDisabled":false,"MacAddress":"","OnBuild":null,"Labels":null},"Architecture":"amd64","Os":"linux","Size":0,"VirtualSize":116711871}
    http_version: 
  recorded_at: Wed, 09 Dec 2015 09:31:41 GMT
- request:
    method: post
    uri: unix:///var/run/docker.sock/v1.16/containers/create
    body:
      encoding: UTF-8
      string: '{"WorkingDir":"<%= Dir.pwd %>","Env":["PATH=/usr/local/bin:/usr/local/sbin:/usr/bin:/usr/sbin:/bin:/sbin","LANG=en_US.UTF-8","DEBIAN_FRONTEND=noninteractive  "],"Image":"pangea-testing/debian:stable","Cmd":["sh","/tooling-pending/deploy_in_container.sh"],"Volumes":{"<%=
        Dir.pwd %>":{}}}'
    headers:
      User-Agent:
      - Swipely/Docker-API 1.24.0
      Content-Type:
      - application/json
  response:
    status:
      code: 201
      message: 
    headers:
      Content-Type:
      - application/json
      Date:
      - Wed, 09 Dec 2015 09:31:41 GMT
      Content-Length:
      - '90'
    body:
      encoding: UTF-8
      string: |
        {"Id":"5ca05574fb11fcf86a843cc173fa52532768d2083811687598b55bfb13defbcc","Warnings":null}
    http_version: 
  recorded_at: Wed, 09 Dec 2015 09:31:41 GMT
- request:
    method: post
    uri: unix:///var/run/docker.sock/v1.16/containers/5ca05574fb11fcf86a843cc173fa52532768d2083811687598b55bfb13defbcc/start
    body:
      encoding: UTF-8
      string: '{"Binds":["<%= Dir.pwd %>/tooling-pending:/tooling-pending"],"Ulimits":[{"Name":"nofile","Soft":1024,"Hard":1024}]}'
    headers:
      User-Agent:
      - Swipely/Docker-API 1.24.0
      Content-Type:
      - application/json
  response:
    status:
      code: 204
      message: 
    headers:
      Date:
      - Wed, 09 Dec 2015 09:31:41 GMT
    body:
      encoding: UTF-8
      string: ''
    http_version: 
  recorded_at: Wed, 09 Dec 2015 09:31:41 GMT
- request:
    method: post
    uri: unix:///var/run/docker.sock/v1.16/containers/5ca05574fb11fcf86a843cc173fa52532768d2083811687598b55bfb13defbcc/wait
    body:
      encoding: US-ASCII
      string: ''
    headers:
      User-Agent:
      - Swipely/Docker-API 1.24.0
      Content-Type:
      - text/plain
  response:
    status:
      code: 200
      message: 
    headers:
      Content-Type:
      - application/json
      Date:
      - Wed, 09 Dec 2015 09:31:41 GMT
      Content-Length:
      - '17'
    body:
      encoding: UTF-8
      string: |
        {"StatusCode":0}
    http_version: 
  recorded_at: Wed, 09 Dec 2015 09:31:41 GMT
- request:
    method: post
    uri: unix:///var/run/docker.sock/v1.16/containers/5ca05574fb11fcf86a843cc173fa52532768d2083811687598b55bfb13defbcc/stop
    body:
      encoding: UTF-8
      string: "{}"
    headers:
      User-Agent:
      - Swipely/Docker-API 1.24.0
      Content-Type:
      - application/json
  response:
    status:
      code: 304
      message: 
    headers:
      Date:
      - Wed, 09 Dec 2015 09:31:41 GMT
    body:
      encoding: UTF-8
      string: ''
    http_version: 
  recorded_at: Wed, 09 Dec 2015 09:31:41 GMT
- request:
    method: get
    uri: unix:///var/run/docker.sock/v1.16/containers/5ca05574fb11fcf86a843cc173fa52532768d2083811687598b55bfb13defbcc/export
    body:
      encoding: US-ASCII
      string: ''
    headers:
      User-Agent:
      - Swipely/Docker-API 1.24.0
      Content-Type:
      - text/plain
  response:
    status:
      code: 200
      message: 
    headers:
      Date:
      - Wed, 09 Dec 2015 09:31:41 GMT
      Content-Type:
      - application/octet-stream
    body:
      encoding: US-ASCII
      string: ''
    http_version: 
  recorded_at: Wed, 09 Dec 2015 09:31:43 GMT
- request:
    method: post
    uri: unix:///var/run/docker.sock/v1.16/images/create?fromSrc=-
    body:
      encoding: US-ASCII
      string: ''
    headers:
      User-Agent:
      - Swipely/Docker-API 1.24.0
      Content-Type:
      - application/tar
      Transfer-Encoding:
      - chunked
  response:
    status:
      code: 200
      message: 
    headers:
      Content-Type:
      - application/json
      Date:
      - Wed, 09 Dec 2015 09:31:43 GMT
    body:
      encoding: UTF-8
      string: "{\"status\":\"50df4dd5b760f151943223f170ca7e8f2dea8efc1d65b11801bc25b790c8d3c1\"}\r\n"
    http_version: 
  recorded_at: Wed, 09 Dec 2015 09:31:43 GMT
- request:
    method: delete
    uri: unix:///var/run/docker.sock/v1.16/containers/5ca05574fb11fcf86a843cc173fa52532768d2083811687598b55bfb13defbcc
    body:
      encoding: US-ASCII
      string: ''
    headers:
      User-Agent:
      - Swipely/Docker-API 1.24.0
      Content-Type:
      - text/plain
  response:
    status:
      code: 204
      message: 
    headers:
      Date:
      - Wed, 09 Dec 2015 09:31:43 GMT
    body:
      encoding: UTF-8
      string: ''
    http_version: 
  recorded_at: Wed, 09 Dec 2015 09:31:43 GMT
- request:
    method: get
    uri: unix:///var/run/docker.sock/v1.16/images/pangea-testing/debian:stable/json
    body:
      encoding: US-ASCII
      string: ''
    headers:
      User-Agent:
      - Swipely/Docker-API 1.24.0
      Content-Type:
      - text/plain
  response:
    status:
      code: 200
      message: 
    headers:
      Content-Type:
      - application/json
      Date:
      - Wed, 09 Dec 2015 09:31:43 GMT
      Content-Length:
      - '1335'
    body:
      encoding: UTF-8
      string: |
        {"Id":"d6b20e4e9ed2fc047c0b6d6a24089082417e4973a69cc3dc92c2a68b2c81047a","Parent":"7c282da526d4bc71772120ca169804e503ae72f39fce944232729635a0f90a20","Comment":"","Created":"2015-12-04T19:31:00.630925797Z","Container":"413ad98817e155db04dec6473449ae251cd6033c958c4de7c5370a642f297223","ContainerConfig":{"Hostname":"50da1971bb3c","Domainname":"","User":"","AttachStdin":false,"AttachStdout":false,"AttachStderr":false,"PortSpecs":null,"ExposedPorts":null,"Tty":false,"OpenStdin":false,"StdinOnce":false,"Env":null,"Cmd":["/bin/sh","-c","#(nop) CMD [\"/bin/bash\"]"],"Image":"7c282da526d4bc71772120ca169804e503ae72f39fce944232729635a0f90a20","Volumes":null,"VolumeDriver":"","WorkingDir":"","Entrypoint":null,"NetworkDisabled":false,"MacAddress":"","OnBuild":null,"Labels":null},"DockerVersion":"1.8.3","Author":"","Config":{"Hostname":"50da1971bb3c","Domainname":"","User":"","AttachStdin":false,"AttachStdout":false,"AttachStderr":false,"PortSpecs":null,"ExposedPorts":null,"Tty":false,"OpenStdin":false,"StdinOnce":false,"Env":null,"Cmd":["/bin/bash"],"Image":"7c282da526d4bc71772120ca169804e503ae72f39fce944232729635a0f90a20","Volumes":null,"VolumeDriver":"","WorkingDir":"","Entrypoint":null,"NetworkDisabled":false,"MacAddress":"","OnBuild":null,"Labels":null},"Architecture":"amd64","Os":"linux","Size":0,"VirtualSize":116711871}
    http_version: 
  recorded_at: Wed, 09 Dec 2015 09:31:43 GMT
- request:
    method: delete
    uri: unix:///var/run/docker.sock/v1.16/images/d6b20e4e9ed2fc047c0b6d6a24089082417e4973a69cc3dc92c2a68b2c81047a
    body:
      encoding: US-ASCII
      string: ''
    headers:
      User-Agent:
      - Swipely/Docker-API 1.24.0
      Content-Type:
      - text/plain
  response:
    status:
      code: 409
      message: 
    headers:
      Content-Type:
      - text/plain; charset=utf-8
      Date:
      - Wed, 09 Dec 2015 09:31:43 GMT
      Content-Length:
      - '158'
    body:
      encoding: UTF-8
      string: |
        Conflict, cannot delete image d6b20e4e9ed2fc047c0b6d6a24089082417e4973a69cc3dc92c2a68b2c81047a because it is tagged in multiple repositories, use -f to force
    http_version: 
  recorded_at: Wed, 09 Dec 2015 09:31:43 GMT
- request:
    method: post
    uri: unix:///var/run/docker.sock/v1.16/images/50df4dd5b760f151943223f170ca7e8f2dea8efc1d65b11801bc25b790c8d3c1/tag?force=true&repo=pangea-testing%2Fdebian&tag=stable
    body:
      encoding: US-ASCII
      string: ''
    headers:
      User-Agent:
      - Swipely/Docker-API 1.24.0
      Content-Type:
      - text/plain
  response:
    status:
      code: 201
      message: 
    headers:
      Date:
      - Wed, 09 Dec 2015 09:31:43 GMT
      Content-Length:
      - '0'
      Content-Type:
      - text/plain; charset=utf-8
    body:
      encoding: UTF-8
      string: ''
    http_version: 
  recorded_at: Wed, 09 Dec 2015 09:31:43 GMT
recorded_with: VCR 2.9.3
